<?xml version="1.0" encoding="utf-8"?><!-- Various constructs left empty --><data>
  <empty/>
  
  
</data>