<?xml version="1.0" encoding="utf-8"?><text>errno.EACCES = 13; eAccess =  = 13</text>